2026-08-18 15:02:54  INFO     ==========================================================================
2026-08-18 15:02:54  INFO     SPEAKER PROGRAM ROI -- PIPELINE
2026-08-18 15:02:54  INFO     ==========================================================================
2026-08-18 15:02:54  INFO       project root : D:\CTS\CTS_Hackathon
2026-08-18 15:02:54  INFO       interpreter  : C:\Users\Sabarish\AppData\Local\Programs\Python\Python311\python.exe
2026-08-18 15:02:54  INFO       stage        : preprocess
2026-08-18 15:02:54  INFO       methods      : nnm, rule_based, psm, random
2026-08-18 15:02:54  INFO       force        : True
2026-08-18 15:02:54  INFO       log file     : D:\CTS\CTS_Hackathon\pipeline_logs\pipeline_run_20260818_150254.log
2026-08-18 15:02:54  INFO       timeout      : 1200s per subprocess (must exceed random_matching's ~390s)
2026-08-18 15:02:54  INFO     ==========================================================================
2026-08-18 15:02:54  INFO     STAGE 1/3 -- PREPROCESSING
2026-08-18 15:02:54  INFO     ==========================================================================
2026-08-18 15:02:54  INFO       -> C:\Users\Sabarish\AppData\Local\Programs\Python\Python311\python.exe Preprocessing_tasks\preprocess_all.py
2026-08-18 15:02:54  INFO          expected runtime ~45s  (exit policy: crash_only)
2026-08-18 15:03:11  DEBUG    ----- stdout/stderr for preprocess_all.py -----

======================================================================
PREPROCESSING -- ALL FOUR RAW FILES
======================================================================
  project root : D:\CTS\CTS_Hackathon
  raw dir      : D:\CTS\CTS_Hackathon\generated_data
  out dir      : D:\CTS\CTS_Hackathon\preprocessed_data

======================================================================
HCP PREPROCESSING
======================================================================
Shape: (1212, 14)

Columns:
['hcp_id', 'first_name', 'last_name', 'specialty', 'sub_specialty', 'region', 'state', 'city', 'years_in_practice', 'practice_setting', 'patient_volume_monthly', 'baseline_rx_volume_monthly', 'speaker_eligible_flag', 'npi_taxonomy_code']
Text cleaning completed.
Name column created.
Specialty cleaning completed.

Specialty values:
specialty
primary care     261
cardiology       193
oncology         177
endocrinology    166
neurology        152
pulmonology      142
rheumatology     121
Name: count, dtype: Int64

Missing sub-specialty: 37
Region cleaning completed.

Region values:
region
West         276
Northeast    276
Southeast    260
Midwest      235
Southwest    165
Name: count, dtype: int64
Missing sub-specialty values: 37
Missing sub-specialty after filling: 0
Duplicate HCP IDs: 12
Shape after removing duplicates: (1200, 15)
Numeric columns cleaned.
Speaker eligibility cleaned.

Speaker eligible values:
speaker_eligible_flag
False    960
True     240
Name: count, dtype: int64

--- FINAL HCP VALIDATION ---
Shape: (1200, 13)
Unique HCP IDs: 1200
Duplicate HCP IDs: 0
Missing values:
 hcp_id                        0
name                          0
specialty                     0
sub_specialty                 0
region                        0
state                         0
city                          0
years_in_practice             0
practice_setting              0
patient_volume_monthly        0
baseline_rx_volume_monthly    0
speaker_eligible_flag         0
npi_taxonomy_code             0
dtype: int64
File saved successfully: D:\CTS\CTS_Hackathon\preprocessed_data\hcp-final.csv

======================================================================
EVENTS PREPROCESSING
======================================================================
First 20 bytes: b'event_id,event_name,'

Events loaded successfully!
Shape: (200, 11)

Columns:
['event_id', 'event_name', 'event_date', 'speaker_hcp_id', 'specialty_focus', 'region', 'program_spend', 'target_ndc_category', 'venue_type', 'max_capacity', 'attendee_count']

Quality log loaded successfully!
Shape: (3775, 8)
Target files in quality log:
target_file
rx_claims_monthly.csv    3359
attendance.csv            316
hcp.csv                    96
events.csv                  4
Name: count, dtype: int64
Number of Events quality issues: 4

Issue types:
issue_type
program_spend_zero       2
program_spend_missing    2
Name: count, dtype: int64
Original values restored successfully.

Data types before cleaning:
 event_id                       object
event_name                     object
event_date             datetime64[ns]
speaker_hcp_id                  int64
specialty_focus                object
region                         object
program_spend                 float64
target_ndc_category            object
venue_type                     object
max_capacity                    int64
attendee_count                  int64
dtype: object

Missing values in Events dataset:
 event_id               0
event_name             0
event_date             0
speaker_hcp_id         0
specialty_focus        0
region                 0
program_spend          0
target_ndc_category    0
venue_type             0
max_capacity           0
attendee_count         0
dtype: int64
Duplicate event IDs: 0
Missing/invalid event dates: 0
Negative program spend: 0
Negative capacity: 0
Negative attendee count: 0
Attendees greater than capacity: 0
Date features created successfully.
Attendance rate created successfully.

--- FINAL EVENTS VALIDATION ---
1. Number of rows: 200
2. Duplicate event IDs: 0
3. Missing event dates: 0
4. Missing program spend: 0
5. Negative program spend: 0

9. Corrected event values:
     event_id  program_spend
33   EVT-0034        18330.0
52   EVT-0053        14060.0
173  EVT-0174        11830.0
193  EVT-0194         5040.0
File saved successfully! D:\CTS\CTS_Hackathon\preprocessed_data\events_preprocessed_final.csv
Rows: 200 Columns: 14

======================================================================
ATTENDANCE PREPROCESSING
======================================================================
Number of rows    : 4701
Number of columns : 6

Columns:
['attendance_id', 'hcp_id', 'event_id', 'attendance_date', 'role', 'engagement_score']

DATA TYPES
 attendance_id        object
hcp_id                int64
event_id             object
attendance_date      object
role                 object
engagement_score    float64
dtype: object

MISSING VALUES BEFORE PREPROCESSING
 attendance_id        0
hcp_id               0
event_id             0
attendance_date      0
role                 0
engagement_score    90
dtype: int64

Completely duplicated rows: 0
Duplicate attendance IDs: 0

Number of ATT-DUP records: 181
Rows before: 4701
Rows after : 4520
Rows removed: 181
Rows before duplicate removal: 4520
Rows after duplicate removal : 4520
Duplicates removed            : 0
Invalid dates: 0

ENGAGEMENT SCORE
 count    4432.000000
mean        6.679016
std         1.788850
min         1.000000
25%         5.475000
50%         6.700000
75%         8.000000
max        10.000000
Name: engagement_score, dtype: float64

Missing engagement scores: 88
Invalid engagement scores: 0

Unique HCPs: 713
Missing HCP IDs: 0
Unique Events: 200
Missing Event IDs: 0

ROLE DISTRIBUTION
 role
attendee    4320
speaker      200
Name: count, dtype: int64

FINAL MISSING VALUE CHECK
 attendance_id        0
hcp_id               0
event_id             0
attendance_date      0
role                 0
engagement_score    88
dtype: int64

PREPROCESSING COMPLETED
Output file: D:\CTS\CTS_Hackathon\preprocessed_data\attendance-final.csv
Final rows: 4520
Final columns: 6

======================================================================
RX CLAIMS MONTHLY PREPROCESSING
======================================================================
Ground Truth Configuration
--------------------------------------------------
True effect: 15.0 %
Analysis window: 6 months
Rx panel: ['2022-12', '2025-10']
Event window: ['2023-07-01', '2025-03-31']
Treatment units: 540
Washout rule:
The event month itself is partially exposed (lift ramps from event_date) and should be excluded from both pre and post windows. Pre = months [-6,-1], post = months [+1,+6] relative to the event month.

Shape: (126000, 5)
Columns: ['hcp_id', 'month', 'ndc_category', 'rx_volume', 'rx_trend_baseline']
DQ log shape: (3775, 8)
RX quality-log records: 3359

Issue types:
issue_type
missing_rx_volume         2520
rx_volume_comma_string     826
outlier_rx_volume           13
Name: count, dtype: int64

Initial RX shape: (126000, 5)
Missing values:
 hcp_id                  0
month                   0
ndc_category            0
rx_volume            2520
rx_trend_baseline       0
dtype: int64
Duplicate complete rows: 0
Duplicate HCP-Month-NDC rows: 0
Month range: 2022-12 to 2025-10
Unique HCPs: 1200
NDC categories: ['CV_ANTICOAG_ORAL' 'METABOLIC_GLP1_INJ' 'PC_ANTIHYPERTENSIVE'
 'ONC_TARGETED_ORAL' 'NEURO_MIGRAINE_CGRP' 'RHEUM_JAK_ORAL'
 'ENDO_BASAL_INSULIN' 'CARD_HF_ARNI' 'PULM_ICS_LABA_INH']
Invalid month values: 0
Missing values in quality log: 2520
Rows restored: 2520
Remaining missing rx_volume: 0
rx_volume dtype: int64
Non-numeric / remaining missing: 0
Negative RX rows: 0
Duplicate HCP-month-NDC rows: 0
Injected outliers flagged: 13

NDC category counts:
ndc_category
CARD_HF_ARNI            6650
CV_ANTICOAG_ORAL       42000
ENDO_BASAL_INSULIN      5775
METABOLIC_GLP1_INJ     42000
NEURO_MIGRAINE_CGRP     5250
ONC_TARGETED_ORAL       6125
PC_ANTIHYPERTENSIVE     9100
PULM_ICS_LABA_INH       4900
RHEUM_JAK_ORAL          4200
Name: count, dtype: int64
Rows outside configured RX panel: 0 (reported only -- no rows removed)

--- FINAL RX VALIDATION ---
Rows: 126000
Columns: 12
Unique HCPs: 1200
Unique months: 35
NDC categories: 9
Month range: 2022-12-01 00:00:00 to 2025-10-01 00:00:00
Negative RX volume: 0
Values restored from DQ log: 2520
['hcp_id', 'month', 'month_date', 'year', 'month_number', 'time_index', 'ndc_category', 'rx_volume', 'rx_trend_baseline', 'is_injected_outlier', 'rx_volume_restored_from_log']
Saved: D:\CTS\CTS_Hackathon\preprocessed_data\rx_claims_monthly_preprocessed (1).csv
Shape: (126000, 11)

======================================================================
SUMMARY -- canonical outputs
======================================================================
  hcp-final.csv                              rows=  1,200  cols=13  exists=True
  events_preprocessed_final.csv              rows=    200  cols=14  exists=True
  attendance-final.csv                       rows=  4,520  cols= 6  exists=True
  rx_claims_monthly_preprocessed (1).csv     rows=126,000  cols=11  exists=True

D:\CTS\CTS_Hackathon\Preprocessing_tasks\preprocess_all.py:168: DeprecationWarning: DataFrameGroupBy.apply operated on the grouping columns. This behavior is deprecated, and in a future version of pandas the grouping columns will be excluded from the operation. Either pass `include_groups=False` to exclude the groupings or explicitly select the grouping columns after groupby to silence this warning.
  .apply(fill_sub_specialty)
D:\CTS\CTS_Hackathon\Preprocessing_tasks\preprocess_all.py:249: FutureWarning: Setting an item of incompatible dtype is deprecated and will raise an error in a future version of pandas. Value '18330' has dtype incompatible with float64, please explicitly cast to a compatible dtype first.
  events.loc[mask, column] = original_value

2026-08-18 15:03:11  INFO          finished in 17.4s  (returncode=0)
2026-08-18 15:03:11  INFO       verifying the 4 expected output files exist...
2026-08-18 15:03:11  INFO          found hcp-final.csv (131,495 B)
2026-08-18 15:03:11  INFO          found attendance-final.csv (252,849 B)
2026-08-18 15:03:11  INFO          found events_preprocessed_final.csv (39,592 B)
2026-08-18 15:03:11  INFO          rx output located via glob: rx_claims_monthly_preprocessed (1).csv (10,264,485 B)
2026-08-18 15:03:11  INFO       PASS -- all 4 preprocessing outputs present
2026-08-18 15:03:11  INFO     ==========================================================================
2026-08-18 15:03:11  INFO     PIPELINE SUMMARY
2026-08-18 15:03:11  INFO     ==========================================================================
2026-08-18 15:03:11  INFO       PASS     preprocess                17.4s  all 4 preprocessing outputs present
2026-08-18 15:03:11  INFO       total runtime: 17.4s   warnings: 0
2026-08-18 15:03:11  INFO       OVERALL: PASS
2026-08-18 15:03:11  INFO       log    : D:\CTS\CTS_Hackathon\pipeline_logs\pipeline_run_20260818_150254.log
2026-08-18 15:03:11  INFO       report : D:\CTS\CTS_Hackathon\pipeline_logs\pipeline_report_20260818_150254.md
